#-----------------------------------------------------------
# Vivado v2024.1 (64-bit)
# SW Build 5076996 on Wed May 22 18:37:14 MDT 2024
# IP Build 5075265 on Wed May 22 21:45:21 MDT 2024
# SharedData Build 5076995 on Wed May 22 18:29:18 MDT 2024
# Start of session at: Mon Oct 28 22:54:16 2024
# Process ID: 11112
# Current directory: D:/LAB/Vlsi/project_1/project_1.runs/impl_1
# Command line: vivado.exe -log logic_gates.vdi -applog -product Vivado -messageDb vivado.pb -mode batch -source logic_gates.tcl -notrace
# Log file: D:/LAB/Vlsi/project_1/project_1.runs/impl_1/logic_gates.vdi
# Journal file: D:/LAB/Vlsi/project_1/project_1.runs/impl_1\vivado.jou
# Running On        :DESKTOP-6LL4KK0
# Platform          :Windows Server 2016 or Windows 10
# Operating System  :26100
# Processor Detail  :AMD Ryzen 5 5600H with Radeon Graphics         
# CPU Frequency     :3294 MHz
# CPU Physical cores:6
# CPU Logical cores :12
# Host memory       :7887 MB
# Swap memory       :6710 MB
# Total Virtual     :14597 MB
# Available Virtual :3415 MB
#-----------------------------------------------------------
source logic_gates.tcl -notrace
