#-----------------------------------------------------------
# Vivado v2024.1 (64-bit)
# SW Build 5076996 on Wed May 22 18:37:14 MDT 2024
# IP Build 5075265 on Wed May 22 21:45:21 MDT 2024
# SharedData Build 5076995 on Wed May 22 18:29:18 MDT 2024
# Start of session at: Wed Oct 23 23:39:43 2024
# Process ID: 18680
# Current directory: D:/LAB/Vlsi/Latches and Flip-Flops/SR_Latch/SR_Latch.runs/impl_1
# Command line: vivado.exe -log sr_latch.vdi -applog -product Vivado -messageDb vivado.pb -mode batch -source sr_latch.tcl -notrace
# Log file: D:/LAB/Vlsi/Latches and Flip-Flops/SR_Latch/SR_Latch.runs/impl_1/sr_latch.vdi
# Journal file: D:/LAB/Vlsi/Latches and Flip-Flops/SR_Latch/SR_Latch.runs/impl_1\vivado.jou
# Running On        :DESKTOP-6LL4KK0
# Platform          :Windows Server 2016 or Windows 10
# Operating System  :26100
# Processor Detail  :AMD Ryzen 5 5600H with Radeon Graphics         
# CPU Frequency     :3294 MHz
# CPU Physical cores:6
# CPU Logical cores :12
# Host memory       :7887 MB
# Swap memory       :7791 MB
# Total Virtual     :15678 MB
# Available Virtual :3161 MB
#-----------------------------------------------------------
source sr_latch.tcl -notrace
